// Jest Snapshot v1, https://goo.gl/fbAQLP

exports[`App component renders App 1`] = `
<DocumentFragment>
  <p
    class="quote"
  />
  <button>
    <img
      class="pie"
      src="../../../public/assets/cherry-pie.png"
    />
  </button>
  <span>
    Click the pie for a damn fine quote...
  </span>
</DocumentFragment>
`;
